ENST00000456328
ENST00000417324
ENST00000635159
ENST00000445118
ENST00000446136
ENST00000327044
ENST00000338591
ENST00000379410
ENST00000304952
ENST00000379370
ENST00000427998
ENST00000442292
ENST00000416774
ENST00000379290
ENST00000328596
ENST00000379236
ENST00000263741
ENST00000330388
ENST00000349431
ENST00000354700
ENST00000379031
ENST00000435064
ENST00000378891
ENST00000309212
ENST00000338370
ENST00000400809
ENST00000344843
ENST00000476993
ENST00000308647
ENST00000291386
ENST00000505820
ENST00000356026
ENST00000407249
ENST00000617444
ENST00000404249
ENST00000378609
ENST00000307786
ENST00000310991
ENST00000378585
ENST00000400921
ENST00000378546
ENST00000378536
ENST00000605895
ENST00000447513
ENST00000378486
ENST00000378466
ENST00000378453
ENST00000355716
ENST00000419916
ENST00000270722
ENST00000356575
ENST00000270708
ENST00000378295
ENST00000423764
ENST00000294600
ENST00000444870
ENST00000378251
ENST00000378209
ENST00000361605
ENST00000439488
ENST00000378156
ENST00000378097
ENST00000262450
ENST00000234875
ENST00000343813
ENST00000377893
ENST00000377855
ENST00000377834
ENST00000377782
ENST00000377705
ENST00000333172
ENST00000377674
ENST00000377658
ENST00000377648
ENST00000377577
ENST00000432429
ENST00000303635
ENST00000054666
ENST00000361923
ENST00000054668
ENST00000377507
ENST00000338639
ENST00000377482
ENST00000337907
ENST00000377443
ENST00000400906
ENST00000377424
ENST00000377411
ENST00000635687
ENST00000377403
ENST00000328089
ENST00000302692
ENST00000340305
ENST00000377346
ENST00000377320
ENST00000361311
ENST00000377263
ENST00000377223
ENST00000377205
ENST00000294435
ENST00000253251
ENST00000377086
ENST00000270776
ENST00000309048
ENST00000377049
ENST00000377038
ENST00000356607
ENST00000377022
ENST00000240185
ENST00000400897
ENST00000376957
ENST00000376936
ENST00000361445
ENST00000376819
ENST00000376810
ENST00000294484
ENST00000453135
ENST00000354287
ENST00000251547
ENST00000376753
ENST00000294485
ENST00000314340
ENST00000376620
ENST00000376592
ENST00000346436
ENST00000446542
ENST00000376480
ENST00000376468
ENST00000376572
ENST00000196061
ENST00000235329
ENST00000235332
ENST00000263932
ENST00000376259
ENST00000620676
ENST00000616661
ENST00000614859
ENST00000332296
ENST00000619922
ENST00000317869
ENST00000240189
ENST00000235349
ENST00000235347
ENST00000330881
ENST00000376189
ENST00000436041
ENST00000617807
ENST00000619661
ENST00000621994
ENST00000624207
ENST00000415919
ENST00000624297
ENST00000622421
ENST00000357367
ENST00000437300
ENST00000376152
ENST00000376098
ENST00000376085
ENST00000294489
ENST00000235372
ENST00000427824
ENST00000375980
ENST00000375949
ENST00000359621
ENST00000375910
ENST00000333868
ENST00000375847
ENST00000375826
ENST00000375799
ENST00000294454
ENST00000375782
ENST00000375771
ENST00000375759
ENST00000375743
ENST00000329454
ENST00000311890
ENST00000331433
ENST00000375679
ENST00000375662
ENST00000358432
ENST00000270747
ENST00000375599
ENST00000375592
ENST00000401088
ENST00000335496
ENST00000337132
ENST00000263511
ENST00000639481
ENST00000624517
ENST00000455405
ENST00000375535
ENST00000326735
ENST00000375499
ENST00000375486
ENST00000375471
ENST00000375460
ENST00000375448
ENST00000619609
ENST00000375436
ENST00000361221
ENST00000375406
ENST00000569711
ENST00000251296
ENST00000420770
ENST00000290597
ENST00000375254
ENST00000477853
ENST00000330263
ENST00000429712
ENST00000361640
ENST00000235835
ENST00000264202
ENST00000322753
ENST00000289753
ENST00000294543
ENST00000375120
ENST00000375116
ENST00000375111
ENST00000375108
ENST00000375105
ENST00000375102
ENST00000375099
ENST00000426428
ENST00000375078
ENST00000264198
ENST00000375071
ENST00000321556
ENST00000375048
ENST00000247986
ENST00000374893
ENST00000318249
ENST00000374840
ENST00000374765
ENST00000308271
ENST00000374695
ENST00000337107
ENST00000290122
ENST00000416769
ENST00000315554
ENST00000431803
ENST00000290167
ENST00000375647
ENST00000374642
ENST00000374640
ENST00000314933
ENST00000374632
ENST00000356634
ENST00000314011
ENST00000454117
ENST00000450454
ENST00000336689
ENST00000361729
ENST00000374561
ENST00000477916
ENST00000427796
ENST00000418390
ENST00000246151
ENST00000374514
ENST00000374497
ENST00000374490
ENST00000374479
ENST00000374472
ENST00000334351
ENST00000492112
ENST00000374434
ENST00000270800
ENST00000327535
ENST00000439059
ENST00000361548
ENST00000374399
ENST00000374395
ENST00000374392
ENST00000323848
ENST00000374379
ENST00000308873
ENST00000236273
ENST00000243189
ENST00000328664
ENST00000374358
ENST00000294413
ENST00000374343
ENST00000374338
ENST00000374332
ENST00000361547
ENST00000374301
ENST00000374298
ENST00000374296
ENST00000455785
ENST00000374282
ENST00000374280
ENST00000374276
ENST00000374272
ENST00000374271
ENST00000374268
ENST00000374266
ENST00000361530
ENST00000456354
ENST00000451482
ENST00000252992
ENST00000270792
ENST00000374213
ENST00000349618
ENST00000326279
ENST00000361427
ENST00000374168
ENST00000324856
ENST00000078527
ENST00000374142
ENST00000374135
ENST00000361720
ENST00000321265
ENST00000254227
ENST00000522111
ENST00000289166
ENST00000263980
ENST00000361771
ENST00000374076
ENST00000270879
ENST00000374027
ENST00000374024
ENST00000618852
ENST00000374005
ENST00000373954
ENST00000373943
ENST00000311772
ENST00000373912
ENST00000373894
ENST00000373884
ENST00000373871
ENST00000373857
ENST00000263697
ENST00000335514
ENST00000253063
ENST00000373833
ENST00000413987
ENST00000373830
ENST00000531126
ENST00000373824
ENST00000294409
ENST00000373812
ENST00000234961
ENST00000521452
ENST00000373795
ENST00000345512
ENST00000417651
ENST00000445180
ENST00000373765
ENST00000294507
ENST00000431202
ENST00000339394
ENST00000257075
ENST00000263694
ENST00000344147
ENST00000373713
ENST00000373709
ENST00000562339
ENST00000640623
ENST00000271064
ENST00000373706
ENST00000373703
ENST00000373655
ENST00000602725
ENST00000327300
ENST00000336294
ENST00000373625
ENST00000373610
ENST00000373602
ENST00000291358
ENST00000409358
ENST00000309777
ENST00000373586
ENST00000441044
ENST00000373582
ENST00000336890
ENST00000373548
ENST00000329421
ENST00000373534
ENST00000455895
ENST00000373510
ENST00000468695
ENST00000373493
ENST00000373477
ENST00000496770
ENST00000373467
ENST00000373463
ENST00000373456
ENST00000354858
ENST00000294517
ENST00000291416
ENST00000257118
ENST00000373388
ENST00000519684
ENST00000425631
ENST00000373374
ENST00000521580
ENST00000338513
ENST00000373366
ENST00000342280
ENST00000311990
ENST00000373337
ENST00000357182
ENST00000359858
ENST00000357214
ENST00000325722
ENST00000356090
ENST00000373235
ENST00000373237
ENST00000270815
ENST00000318121
ENST00000373210
ENST00000373204
ENST00000207457
ENST00000373178
ENST00000373166
ENST00000373151
ENST00000354618
ENST00000373129
ENST00000315732
ENST00000235532
ENST00000373116
ENST00000373103
ENST00000373091
ENST00000373087
ENST00000373075
ENST00000296215
ENST00000296218
ENST00000373062
ENST00000356545
ENST00000373055
ENST00000373045
ENST00000373044
ENST00000373042
ENST00000373036
ENST00000373024
ENST00000373019
ENST00000373016
ENST00000373014
ENST00000373001
ENST00000397572
ENST00000432648
ENST00000372969
ENST00000331593
ENST00000372857
ENST00000372852
ENST00000235628
ENST00000372844
ENST00000324379
ENST00000372827
ENST00000316891
ENST00000372811
ENST00000372797
ENST00000372771
ENST00000372766
ENST00000372759
ENST00000372748
ENST00000614549
ENST00000372706
ENST00000358527
ENST00000372699
ENST00000372684
ENST00000447388
ENST00000626479
ENST00000302946
ENST00000372597
ENST00000372587
ENST00000372583
ENST00000372581
ENST00000357001
ENST00000372572
ENST00000431473
ENST00000372565
ENST00000372561
ENST00000304979
ENST00000414339
ENST00000321358
ENST00000296388
ENST00000372525
ENST00000372517
ENST00000372508
ENST00000426263
ENST00000236051
ENST00000523677
ENST00000372476
ENST00000372470
ENST00000310955
ENST00000372458
ENST00000372425
ENST00000359947
ENST00000372396
ENST00000439057
ENST00000498139
ENST00000372343
ENST00000255108
ENST00000472174
ENST00000372318
ENST00000434244
ENST00000372299
ENST00000361745
ENST00000372257
ENST00000355387
ENST00000372237
ENST00000372224
ENST00000396651
ENST00000372207
ENST00000372201
ENST00000372192
ENST00000360403
ENST00000246337
ENST00000359600
ENST00000372098
ENST00000372090
ENST00000372086
ENST00000629482
ENST00000319248
ENST00000372070
ENST00000351223
ENST00000372025
ENST00000361297
ENST00000262741
ENST00000372003
ENST00000371984
ENST00000371980
ENST00000371975
ENST00000617190
ENST00000311672
ENST00000474844
ENST00000243167
ENST00000360032
ENST00000371940
ENST00000576409
ENST00000334122
ENST00000371933
ENST00000271153
ENST00000310638
ENST00000371901
ENST00000334194
ENST00000371891
ENST00000294338
ENST00000371884
ENST00000422216
ENST00000360380
ENST00000371873
ENST00000606738
ENST00000438567
ENST00000371847
ENST00000371833
ENST00000371823
ENST00000418121
ENST00000396153
ENST00000242719
ENST00000413473
ENST00000371733
ENST00000428468
ENST00000354831
ENST00000371655
ENST00000371626
ENST00000313334
ENST00000371591
ENST00000371568
ENST00000257181
ENST00000257177
ENST00000361314
ENST00000517870
ENST00000371538
ENST00000294353
ENST00000371522
ENST00000371514
ENST00000312553
ENST00000371494
ENST00000371486
ENST00000294360
ENST00000371470
ENST00000458151
ENST00000306052
ENST00000569142
ENST00000371445
ENST00000371429
ENST00000072644
ENST00000361921
ENST00000194214
ENST00000371360
ENST00000234831
ENST00000234827
ENST00000360840
ENST00000371320
ENST00000371316
ENST00000302250
ENST00000371281
ENST00000371279
ENST00000358193
ENST00000371269
ENST00000415336
ENST00000371268
ENST00000302118
ENST00000371250
ENST00000371244
ENST00000343433
ENST00000425435
ENST00000361249
ENST00000371237
ENST00000416598
ENST00000371226
ENST00000472487
ENST00000303721
ENST00000371208
ENST00000371204
ENST00000371201
ENST00000371187
ENST00000438559
ENST00000498273
ENST00000371153
ENST00000339950
ENST00000371129
ENST00000453229
ENST00000317868
ENST00000418244
ENST00000271002
ENST00000371088
ENST00000371084
ENST00000371079
ENST00000412349
ENST00000371076
ENST00000371072
ENST00000327299
ENST00000395325
ENST00000371065
ENST00000349533
ENST00000329654
ENST00000371037
ENST00000282670
ENST00000304526
ENST00000371026
ENST00000355356
ENST00000235345
ENST00000347310
ENST00000262345
ENST00000370994
ENST00000370986
ENST00000370982
ENST00000262348
ENST00000262340
ENST00000370966
ENST00000428732
ENST00000370952
ENST00000370950
ENST00000370944
ENST00000370938
ENST00000419450
ENST00000356595
ENST00000450461
ENST00000370920
ENST00000455406
ENST00000357731
ENST00000453121
ENST00000440762
ENST00000370898
ENST00000326637
ENST00000612390
ENST00000340866
ENST00000370867
ENST00000446238
ENST00000356261
ENST00000370855
ENST00000370841
ENST00000319942
ENST00000263187
ENST00000284142
ENST00000328299
ENST00000477717
ENST00000370812
ENST00000354567
ENST00000370801
ENST00000370794
ENST00000334785
ENST00000370768
ENST00000370763
ENST00000370759
ENST00000370758
ENST00000370751
ENST00000370747
ENST00000370742
ENST00000452901
ENST00000452834
ENST00000417975
ENST00000455929
ENST00000370685
ENST00000505585
ENST00000370665
ENST00000370654
ENST00000370630
ENST00000342203
ENST00000440886
ENST00000294664
ENST00000370589
ENST00000471115
ENST00000284031
ENST00000451137
ENST00000370574
ENST00000370571
ENST00000294678
ENST00000370565
ENST00000234701
ENST00000370563
ENST00000466454
ENST00000370558
ENST00000331835
ENST00000370550
ENST00000461990
ENST00000370544
ENST00000452509
ENST00000370521
ENST00000370500
ENST00000260508
ENST00000321792
ENST00000370481
ENST00000370473
ENST00000370466
ENST00000355754
ENST00000370456
ENST00000513638
ENST00000370454
ENST00000340281
ENST00000370445
ENST00000370425
ENST00000234626
ENST00000525962
ENST00000362005
ENST00000370383
ENST00000609675
ENST00000370375
ENST00000370360
ENST00000610020
ENST00000370332
ENST00000370331
ENST00000370298
ENST00000370282
ENST00000421202
ENST00000370272
ENST00000260502
ENST00000433544
ENST00000427243
ENST00000436063
ENST00000370238
ENST00000370225
ENST00000260526
ENST00000370214
ENST00000334047
ENST00000467909
ENST00000370206
ENST00000370205
ENST00000451611
ENST00000370203
ENST00000411798
ENST00000426398
ENST00000370192
ENST00000306121
ENST00000263177
ENST00000370185
ENST00000263174
ENST00000361915
ENST00000533028
ENST00000370152
ENST00000287482
ENST00000370141
ENST00000370137
ENST00000370132
ENST00000370128
ENST00000361544
ENST00000315033
ENST00000294728
ENST00000370113
ENST00000370112
ENST00000370109
ENST00000449473
ENST00000305352
ENST00000370103
ENST00000370096
ENST00000361355
ENST00000414303
ENST00000370083
ENST00000370079
ENST00000435253
ENST00000370056
ENST00000565488
ENST00000438965
ENST00000357046
ENST00000419814
ENST00000370035
ENST00000370032
ENST00000370025
ENST00000370008
ENST00000370001
ENST00000369989
ENST00000369965
ENST00000338366
ENST00000338272
ENST00000234677
ENST00000271332
ENST00000357155
ENST00000256637
ENST00000271308
ENST00000369872
ENST00000369870
ENST00000420578
ENST00000369864
ENST00000369851
ENST00000351050
ENST00000528667
ENST00000369836
ENST00000241337
ENST00000309851
ENST00000256593
ENST00000361066
ENST00000369805
ENST00000329608
ENST00000369799
ENST00000369795
ENST00000438661
ENST00000449169
ENST00000369784
ENST00000369779
ENST00000256644
ENST00000271331
ENST00000640695
ENST00000457402
ENST00000271324
ENST00000286692
ENST00000357172
ENST00000369740
ENST00000369738
ENST00000369732
ENST00000235090
ENST00000369722
ENST00000343534
ENST00000369716
ENST00000241356
ENST00000356415
ENST00000357260
ENST00000430373
ENST00000412270
ENST00000369702
ENST00000315987
ENST00000438293
ENST00000271277
ENST00000369684
ENST00000358039
ENST00000263168
ENST00000413052
ENST00000339083
ENST00000309276
ENST00000361886
ENST00000369626
ENST00000428411
ENST00000421157
ENST00000361127
ENST00000359785
ENST00000393316
ENST00000369569
ENST00000450706
ENST00000320334
ENST00000358465
ENST00000369541
ENST00000520113
ENST00000369535
ENST00000358528
ENST00000060969
ENST00000369522
ENST00000369517
ENST00000369516
ENST00000369512
ENST00000310260
ENST00000261448
ENST00000320238
ENST00000369503
ENST00000295598
ENST00000369491
ENST00000369489
ENST00000369478
ENST00000393203
ENST00000369470
ENST00000369466
ENST00000256649
ENST00000369458
ENST00000356554
ENST00000369448
ENST00000349139
ENST00000336338
ENST00000207157
ENST00000235521
ENST00000425884
ENST00000325945
ENST00000369416
ENST00000369413
ENST00000369406
ENST00000354219
ENST00000256646
ENST00000578049
ENST00000616141
ENST00000621058
ENST00000623603
ENST00000457996
ENST00000430394
ENST00000369390
ENST00000417218
ENST00000443018
ENST00000415338
ENST00000584486
ENST00000620141
ENST00000400889
ENST00000578899
ENST00000313835
ENST00000369288
ENST00000582693
ENST00000334163
ENST00000393045
ENST00000369304
ENST00000369306
ENST00000583313
ENST00000604273
ENST00000604000
ENST00000369314
ENST00000582401
ENST00000254101
ENST00000254090
ENST00000369258
ENST00000619867
ENST00000234739
ENST00000583509
ENST00000579774
ENST00000314163
ENST00000615281
ENST00000432038
ENST00000427169
ENST00000452996
ENST00000593495
ENST00000369356
ENST00000578189
ENST00000610578
ENST00000369168
ENST00000428289
ENST00000369146
ENST00000271628
ENST00000581312
ENST00000369124
ENST00000583931
ENST00000369111
ENST00000369109
ENST00000369095
ENST00000614145
ENST00000324862
ENST00000369068
ENST00000369064
ENST00000369047
ENST00000369038
ENST00000369026
ENST00000369014
ENST00000271732
ENST00000361824
ENST00000368985
ENST00000271651
ENST00000358595
ENST00000368969
ENST00000368954
ENST00000368947
ENST00000361936
ENST00000271620
ENST00000368931
ENST00000368926
ENST00000368921
ENST00000368918
ENST00000621728
ENST00000368910
ENST00000368905
ENST00000368908
ENST00000295314
ENST00000368884
ENST00000447795
ENST00000324048
ENST00000368874
ENST00000290524
ENST00000368868
ENST00000290541
ENST00000271715
ENST00000271636
ENST00000368849
ENST00000290583
ENST00000368830
ENST00000368827
ENST00000389897
ENST00000368820
ENST00000318247
ENST00000368817
ENST00000368814
ENST00000368811
ENST00000271638
ENST00000368806
ENST00000316073
ENST00000445097
ENST00000368801
ENST00000368799
ENST00000271835
ENST00000368790
ENST00000368789
ENST00000368787
ENST00000368784
ENST00000368783
ENST00000368780
ENST00000368779
ENST00000431011
ENST00000368765
ENST00000419578
ENST00000328051
ENST00000295367
ENST00000307098
ENST00000360379
ENST00000392653
ENST00000368750
ENST00000368748
ENST00000427145
ENST00000368747
ENST00000368742
ENST00000290722
ENST00000359650
ENST00000368738
ENST00000368737
ENST00000368729
ENST00000368718
ENST00000368713
ENST00000368708
ENST00000476873
ENST00000292169
ENST00000368694
ENST00000368685
ENST00000361891
ENST00000368680
ENST00000318967
ENST00000624995
ENST00000368655
ENST00000361217
ENST00000368633
ENST00000356205
ENST00000368607
ENST00000271843
ENST00000368575
ENST00000368530
ENST00000368525
ENST00000368521
ENST00000361546
ENST00000328703
ENST00000324978
ENST00000368489
ENST00000424435
ENST00000368485
ENST00000304760
ENST00000368482
ENST00000292211
ENST00000368476
ENST00000368474
ENST00000271915
ENST00000368467
ENST00000368463
ENST00000368457
ENST00000368453
ENST00000308987
ENST00000315144
ENST00000368426
ENST00000368424
ENST00000356955
ENST00000368409
ENST00000368408
ENST00000368407
ENST00000368404
ENST00000368400
ENST00000295682
ENST00000334634
ENST00000337604
ENST00000368378
ENST00000609421
ENST00000368374
ENST00000368373
ENST00000361361
ENST00000302631
ENST00000361168
ENST00000368358
ENST00000450199
ENST00000368349
ENST00000245564
ENST00000368336
ENST00000368324
ENST00000368323
ENST00000368321
ENST00000313695
ENST00000295702
ENST00000368309
ENST00000368305
ENST00000361084
ENST00000532414
ENST00000368300
ENST00000355014
ENST00000359511
ENST00000368277
ENST00000368272
ENST00000292291
ENST00000361813
ENST00000295694
ENST00000362007
ENST00000295688
ENST00000368255
ENST00000537040
ENST00000451362
ENST00000368243
ENST00000361170
ENST00000368235
ENST00000368232
ENST00000255039
ENST00000329117
ENST00000368223
ENST00000368222
ENST00000368216
ENST00000361531
ENST00000357325
ENST00000271526
ENST00000368199
ENST00000524377
ENST00000368195
ENST00000337428
ENST00000368194
ENST00000368192
ENST00000361835
ENST00000271532
ENST00000368184
ENST00000361516
ENST00000368176
ENST00000368174
ENST00000359209
ENST00000414848
ENST00000368171
ENST00000289429
ENST00000368170
ENST00000368168
ENST00000368167
ENST00000368141
ENST00000368140
ENST00000368131
ENST00000368130
ENST00000368124
ENST00000368122
ENST00000368115
ENST00000431862
ENST00000255040
ENST00000255030
ENST00000368106
ENST00000289707
ENST00000368100
ENST00000368099
ENST00000368097
ENST00000368094
ENST00000368093
ENST00000368088
ENST00000314485
ENST00000361216
ENST00000368081
ENST00000368078
ENST00000360472
ENST00000368073
ENST00000368072
ENST00000241704
ENST00000294785
ENST00000302101
ENST00000368059
ENST00000368054
ENST00000302035
ENST00000368046
ENST00000368043
ENST00000263285
ENST00000368034
ENST00000326245
ENST00000356006
ENST00000368029
ENST00000368026
ENST00000318289
ENST00000368020
ENST00000368012
ENST00000368011
ENST00000368010
ENST00000368009
ENST00000368006
ENST00000368003
ENST00000289865
ENST00000352210
ENST00000319769
ENST00000367996
ENST00000367993
ENST00000289902
ENST00000367990
ENST00000367983
ENST00000504449
ENST00000533357
ENST00000367975
ENST00000367972
ENST00000466542
ENST00000358671
ENST00000236938
ENST00000367948
ENST00000367943
ENST00000367942
ENST00000294794
ENST00000530878
ENST00000367935
ENST00000367929
ENST00000489294
ENST00000367922
ENST00000254521
ENST00000367909
ENST00000313961
ENST00000439699
ENST00000367900
ENST00000420696
ENST00000359842
ENST00000438275
ENST00000294818
ENST00000367889
ENST00000354775
ENST00000400982
ENST00000392129
ENST00000367879
ENST00000477875
ENST00000367876
ENST00000367874
ENST00000271417
ENST00000367872
ENST00000367868
ENST00000367866
ENST00000362089
ENST00000370509
ENST00000367854
ENST00000359523
ENST00000367851
ENST00000367846
ENST00000367838
ENST00000367833
ENST00000271375
ENST00000367821
ENST00000422253
ENST00000367819
ENST00000367818
ENST00000367817
ENST00000420691
ENST00000366408
ENST00000367811
ENST00000367808
ENST00000367805
ENST00000236137
ENST00000367797
ENST00000263686
ENST00000359326
ENST00000236147
ENST00000333360
ENST00000303469
ENST00000367770
ENST00000361580
ENST00000439373
ENST00000440404
ENST00000239461
ENST00000367758
ENST00000367755
ENST00000209929
ENST00000617670
ENST00000367749
ENST00000037502
ENST00000236192
ENST00000361735
ENST00000367731
ENST00000344529
ENST00000367727
ENST00000263688
ENST00000367721
ENST00000404377
ENST00000281834
ENST00000367716
ENST00000340385
ENST00000367714
ENST00000333279
ENST00000209884
ENST00000345664
ENST00000450589
ENST00000367701
ENST00000367698
ENST00000367679
ENST00000476371
ENST00000423313
ENST00000457217
ENST00000367669
ENST00000367662
ENST00000361833
ENST00000361539
ENST00000427173
ENST00000308284
ENST00000476232
ENST00000421505
ENST00000367649
ENST00000319416
ENST00000367635
ENST00000234816
ENST00000263733
ENST00000367627
ENST00000502732
ENST00000367619
ENST00000367618
ENST00000367615
ENST00000423879
ENST00000341785
ENST00000367612
ENST00000606911
ENST00000367607
ENST00000367602
ENST00000263726
ENST00000442621
ENST00000367590
ENST00000367588
ENST00000258301
ENST00000367580
ENST00000435023
ENST00000367570
ENST00000339948
ENST00000331872
ENST00000367563
ENST00000294854
ENST00000367559
ENST00000367558
ENST00000435492
ENST00000367553
ENST00000367549
ENST00000367547
ENST00000258341
ENST00000264144
ENST00000287713
ENST00000421703
ENST00000347615
ENST00000367536
ENST00000359856
ENST00000304685
ENST00000308641
ENST00000361927
ENST00000235307
ENST00000318130
ENST00000367511
ENST00000566476
ENST00000367510
ENST00000367506
ENST00000367498
ENST00000569292
ENST00000271588
ENST00000367478
ENST00000287859
ENST00000391997
ENST00000367468
ENST00000367466
ENST00000429725
ENST00000367462
ENST00000413356
ENST00000430776
ENST00000367460
ENST00000417209
ENST00000367459
ENST00000391995
ENST00000235382
ENST00000367455
ENST00000400968
ENST00000367440
ENST00000367435
ENST00000367434
ENST00000294725
ENST00000367429
ENST00000367425
ENST00000320493
ENST00000367415
ENST00000367421
ENST00000256785
ENST00000367412
ENST00000367409
ENST00000367405
ENST00000367400
ENST00000367396
ENST00000367393
ENST00000367387
ENST00000367382
ENST00000442510
ENST00000436880
ENST00000367362
ENST00000367355
ENST00000634596
ENST00000294740
ENST00000331314
ENST00000568695
ENST00000332129
ENST00000458003
ENST00000362061
ENST00000367334
ENST00000367324
ENST00000391967
ENST00000367311
ENST00000361565
ENST00000362011
ENST00000367288
ENST00000367287
ENST00000295640
ENST00000359651
ENST00000367282
ENST00000272217
ENST00000309017
ENST00000482597
ENST00000255432
ENST00000608999
ENST00000367265
ENST00000330493
ENST00000443294
ENST00000367262
ENST00000367261
ENST00000340990
ENST00000367249
ENST00000367242
ENST00000241651
ENST00000309502
ENST00000255416
ENST00000255409
ENST00000367229
ENST00000290551
ENST00000354955
ENST00000343110
ENST00000367222
ENST00000357681
ENST00000442561
ENST00000367210
ENST00000545588
ENST00000414487
ENST00000427799
ENST00000367204
ENST00000367202
ENST00000433869
ENST00000272190
ENST00000367194
ENST00000308302
ENST00000272203
ENST00000367188
ENST00000367187
ENST00000367182
ENST00000513543
ENST00000264515
ENST00000367162
ENST00000367157
ENST00000506784
ENST00000367147
ENST00000357992
ENST00000367145
ENST00000367142
ENST00000367139
ENST00000367137
ENST00000367136
ENST00000340781
ENST00000617070
ENST00000358184
ENST00000331555
ENST00000367126
ENST00000367128
ENST00000573034
ENST00000581977
ENST00000579436
ENST00000271764
ENST00000367109
ENST00000294981
ENST00000423557
ENST00000340758
ENST00000367098
ENST00000294984
ENST00000367091
ENST00000356495
ENST00000450945
ENST00000359470
ENST00000367080
ENST00000315927
ENST00000367078
ENST00000367070
ENST00000367064
ENST00000367058
ENST00000508064
ENST00000322875
ENST00000310833
ENST00000367033
ENST00000356082
ENST00000367029
ENST00000367027
ENST00000367025
ENST00000294811
ENST00000367021
ENST00000491415
ENST00000472886
ENST00000437764
ENST00000367012
ENST00000261464
ENST00000423222
ENST00000367002
ENST00000367001
ENST00000366999
ENST00000366997
ENST00000366994
ENST00000366991
ENST00000261461
ENST00000261455
ENST00000366988
ENST00000341491
ENST00000243440
ENST00000366977
ENST00000366974
ENST00000332912
ENST00000426161
ENST00000366971
ENST00000517399
ENST00000366962
ENST00000366960
ENST00000366958
ENST00000366957
ENST00000366956
ENST00000366955
ENST00000391894
ENST00000259154
ENST00000307340
ENST00000366940
ENST00000366933
ENST00000431637
ENST00000456026
ENST00000366932
ENST00000366930
ENST00000366928
ENST00000420237
ENST00000366926
ENST00000366923
ENST00000366922
ENST00000358951
ENST00000366917
ENST00000294889
ENST00000366913
ENST00000366910
ENST00000431347
ENST00000366903
ENST00000439004
ENST00000366899
ENST00000416510
ENST00000343410
ENST00000352967
ENST00000340020
ENST00000340934
ENST00000284476
ENST00000366872
ENST00000295006
ENST00000343537
ENST00000366862
ENST00000323699
ENST00000436706
ENST00000420350
ENST00000281701
ENST00000465271
ENST00000414423
ENST00000272133
ENST00000272163
ENST00000366844
ENST00000304786
ENST00000366837
ENST00000366835
ENST00000272134
ENST00000343818
ENST00000366820
ENST00000272091
ENST00000366812
ENST00000366810
ENST00000328205
ENST00000366794
ENST00000272117
ENST00000366769
ENST00000445817
ENST00000343776
ENST00000366759
ENST00000366758
ENST00000366757
ENST00000272164
ENST00000284523
ENST00000272102
ENST00000272139
ENST00000366714
ENST00000284551
ENST00000639044
ENST00000366691
ENST00000366690
ENST00000366687
ENST00000366684
ENST00000261396
ENST00000344517
ENST00000366676
ENST00000258243
ENST00000366672
ENST00000391860
ENST00000412647
ENST00000366669
ENST00000366667
ENST00000271971
ENST00000366663
ENST00000439341
ENST00000366661
ENST00000310256
ENST00000366654
ENST00000366653
ENST00000366649
ENST00000366647
ENST00000295050
ENST00000366641
ENST00000366639
ENST00000366636
ENST00000441459
ENST00000366628
ENST00000366624
ENST00000366621
ENST00000366612
ENST00000040877
ENST00000435574
ENST00000366609
ENST00000417805
ENST00000418557
ENST00000366607
ENST00000408888
ENST00000366603
ENST00000488594
ENST00000366600
ENST00000366597
ENST00000264187
ENST00000366592
ENST00000354619
ENST00000359362
ENST00000366578
ENST00000366577
ENST00000366574
ENST00000450451
ENST00000366570
ENST00000400946
ENST00000255380
ENST00000427859
ENST00000318160
ENST00000366560
ENST00000366559
ENST00000366554
ENST00000366548
ENST00000357246
ENST00000536534
ENST00000627498
ENST00000366541
ENST00000440494
ENST00000358704
ENST00000366535
ENST00000302550
ENST00000411948
ENST00000444376
ENST00000407071
ENST00000490107
ENST00000366308
ENST00000366514
ENST00000366513
ENST00000417786
ENST00000366510
ENST00000326225
ENST00000339986
ENST00000366503
ENST00000343381
ENST00000543802
ENST00000294753
ENST00000391828
ENST00000366488
ENST00000449298
ENST00000366481
ENST00000590317
ENST00000366472
ENST00000306562
ENST00000306601
ENST00000329291
